// Jest Snapshot v1, https://goo.gl/fbAQLP

exports[`Pruebas en el componente <TodoApp /> Debe de mostrarse correctamen  1`] = `ShallowWrapper {}`;
