// Jest Snapshot v1, https://goo.gl/fbAQLP

exports[`Pruebas en el component <TodoList /> Debe de mostrarse correctamente  1`] = `ShallowWrapper {}`;
