// Jest Snapshot v1, https://goo.gl/fbAQLP

exports[`Pruebas en el componente <TodoListItem /> Debe de mostrarse correctamente  1`] = `ShallowWrapper {}`;
