// Jest Snapshot v1, https://goo.gl/fbAQLP

exports[`Pruebas en el componente <TodoAddForm /> Debe mostrarse correctamente  1`] = `ShallowWrapper {}`;
