// Jest Snapshot v1, https://goo.gl/fbAQLP

exports[`Pruebas en el archivo <RealExampleRef /> Debe de mostrarse correctamente  1`] = `ShallowWrapper {}`;
