// Jest Snapshot v1, https://goo.gl/fbAQLP

exports[`Pruebas en el componente <HomeScreen /> Debe de mostrarse correctmente  1`] = `ShallowWrapper {}`;
